http://www.liaoxuefeng.com/wiki/0013739516305929606dd18361248578c67b8067c8c017b000

在Linux上安装Git
首先，你可以试着输入git, 看看系统有没有安装Git：
$ git
The program 'git' is currently not installed. You can install it by typing:
sudo apt-get install git

像上面的命令，有很多Linux会友好地告诉你Git没有安装，还会告诉你如何安装Git。

如果你碰巧用Debian或Ubuntu Linux，通过一条sudo apt-get install git就可以直接完成Git的安装，非常简单。

如果是其他Linux版本，可以直接通过源码安装。先从Git官网下载源码，然后解压，
依次输入：./config，make，sudo make install这几个命令安装就好了。

在Windows上安装Git
	实话实说，Windows是最烂的开发平台，如果不是开发Windows游戏或者在IE里调试页面，一般不推荐用Windows。不过，既然已经上了微软的贼船，也是有办法安装Git的。
Windows下要使用很多Linux/Unix的工具时，需要Cygwin这样的模拟环境，Git也一样。Cygwin的安装和配置都比较复杂，就不建议你折腾了。不过，有高人已经把模拟环境和
Git都打包好了，名叫msysgit，只需要下载一个单独的exe安装程序，其他什么也不用装，绝对好用。msysgit是Windows版的Git，从https://git-for-windows.github.io下载
（网速慢的同学请移步国内镜像），然后按默认选项安装即可。

安装完成后，在开始菜单里找到“Git”->“Git Bash”，蹦出一个类似命令行窗口的东西，就说明Git安装成功！


安装完成后，还需要最后一步设置，在命令行输入：
$ git config --global user.name "Your Name"
$ git config --global user.email "email@example.com"


创建版本库
创建一个版本库非常简单，首先，选择一个合适的地方，创建一个空目录：
$ mkdir learngit
$ cd learngit
$ pwd
/Users/michael/learngit

pwd命令用于显示当前目录。在我的Mac上，这个仓库位于/Users/michael/learngit

第二步，通过git init命令把这个目录变成Git可以管理的仓库：
$ git init
Initialized empty Git repository in /Users/michael/learngit/.git/

瞬间Git就把仓库建好了，而且告诉你是一个空的仓库（empty Git repository），细心的读者可以发现当前目录下多了一个.git的目录，这个目录是Git来跟踪管理版本库的，
没事千万不要手动修改这个目录里面的文件，不然改乱了，就把Git仓库给破坏了。如果你没有看到.git目录，那是因为这个目录默认是隐藏的，用ls -ah命令就可以看见。


言归正传，现在我们编写一个readme.txt文件，内容如下：
Git is a version control system.
Git is free software.

一定要放到learngit目录下（子目录也行），因为这是一个Git仓库，放到其他地方Git再厉害也找不到这个文件。

和把大象放到冰箱需要3步相比，把一个文件放到Git仓库只需要两步。

第一步，用命令git add告诉Git，把文件添加到仓库：

$ git add readme.txt

执行上面的命令，没有任何显示，这就对了，Unix的哲学是“没有消息就是好消息”，说明添加成功。

第二步，用命令git commit告诉Git，把文件提交到仓库：
$ git commit -m "wrote a readme file"
[master (root-commit) cb926e7] wrote a readme file
 1 file changed, 2 insertions(+)
 create mode 100644 readme.txt
 
 
 
小结

现在总结一下今天学的两点内容：

初始化一个Git仓库，使用git init命令。

添加文件到Git仓库，分两步：

第一步，使用命令git add <file>，注意，可反复多次使用，添加多个文件；

第二步，使用命令git commit，完成。



 
我们已经成功地添加并提交了一个readme.txt文件，现在，是时候继续工作了，于是，我们继续修改readme.txt文件，改成如下内容：

Git is a distributed version control system.
Git is free software.

现在，运行git status命令看看结果：

$ git status
# On branch master
# Changes not staged for commit:
#   (use "git add <file>..." to update what will be committed)
#   (use "git checkout -- <file>..." to discard changes in working directory)
#
#    modified:   readme.txt
#
no changes added to commit (use "git add" and/or "git commit -a")


git status命令可以让我们时刻掌握仓库当前的状态，上面的命令告诉我们，readme.txt被修改过了，但还没有准备提交的修改。

虽然Git告诉我们readme.txt被修改了，但如果能看看具体修改了什么内容，自然是很好的。比如你休假两周从国外回来，第一天上班时，已经记不清上次怎么修改的readme.txt，
所以，需要用git diff这个命令看看：
(提交后，用git diff HEAD -- readme.txt命令可以查看工作区和版本库里面最新版本的区别：)

$ git diff readme.txt 
diff --git a/readme.txt b/readme.txt
index 46d49bf..9247db6 100644
--- a/readme.txt
+++ b/readme.txt
@@ -1,2 +1,2 @@
-Git is a version control system.
+Git is a distributed version control system.
 Git is free software.


git diff顾名思义就是查看difference，显示的格式正是Unix通用的diff格式，可以从上面的命令输出看到，我们在第一行添加了一个“distributed”单词。

知道了对readme.txt作了什么修改后，再把它提交到仓库就放心多了，提交修改和提交新文件是一样的两步，第一步是git add：

$ git add readme.txt
同样没有任何输出。在执行第二步git commit之前，我们再运行git status看看当前仓库的状态：

$ git status
# On branch master
# Changes to be committed:
#   (use "git reset HEAD <file>..." to unstage)
#
#       modified:   readme.txt
#


git status告诉我们，将要被提交的修改包括readme.txt，下一步，就可以放心地提交了：

$ git commit -m "add distributed"
[master ea34578] add distributed
 1 file changed, 1 insertion(+), 1 deletion(-)
提交后，我们再用git status命令看看仓库的当前状态：

$ git status
# On branch master
nothing to commit (working directory clean)
Git告诉我们当前没有需要提交的修改，而且，工作目录是干净（working directory clean）的。


小结

要随时掌握工作区的状态，使用git status命令。

如果git status告诉你有文件被修改过，用git diff可以查看修改内容。



现在，你已经学会了修改文件，然后把修改提交到Git版本库，现在，再练习一次，修改readme.txt文件如下：

Git is a distributed version control system.
Git is free software distributed under the GPL.
然后尝试提交：

$ git add readme.txt
$ git commit -m "append GPL"
[master 3628164] append GPL
 1 file changed, 1 insertion(+), 1 deletion(-)
像这样，你不断对文件进行修改，然后不断提交修改到版本库里，就好比玩RPG游戏时，每通过一关就会自动把游戏状态存盘，如果某一关没过去，你还可以选择读取前一关的状态。
有些时候，在打Boss之前，你会手动存盘，以便万一打Boss失败了，可以从最近的地方重新开始。Git也是一样，每当你觉得文件修改到一定程度的时候，就可以“保存一个快照”，
这个快照在Git中被称为commit。一旦你把文件改乱了，或者误删了文件，还可以从最近的一个commit恢复，然后继续工作，而不是把几个月的工作成果全部丢失。

现在，我们回顾一下readme.txt文件一共有几个版本被提交到Git仓库里了：

版本1：wrote a readme file
Git is a version control system.
Git is free software.

版本2：add distributed
Git is a distributed version control system.
Git is free software.

版本3：append GPL
Git is a distributed version control system.
Git is free software distributed under the GPL.

当然了，在实际工作中，我们脑子里怎么可能记得一个几千行的文件每次都改了什么内容，不然要版本控制系统干什么。版本控制系统肯定有某个命令可以告诉我们历史记录，
在Git中，我们用git log命令查看：

$ git log
commit 3628164fb26d48395383f8f31179f24e0882e1e0
Author: Michael Liao <askxuefeng@gmail.com>
Date:   Tue Aug 20 15:11:49 2013 +0800

    append GPL

commit ea34578d5496d7dd233c827ed32a8cd576c5ee85
Author: Michael Liao <askxuefeng@gmail.com>
Date:   Tue Aug 20 14:53:12 2013 +0800

    add distributed

commit cb926e7ea50ad11b8f9e909c05226233bf755030
Author: Michael Liao <askxuefeng@gmail.com>
Date:   Mon Aug 19 17:51:55 2013 +0800

    wrote a readme file
	
git log命令显示从最近到最远的提交日志，我们可以看到3次提交，最近的一次是append GPL，上一次是add distributed，最早的一次是wrote a readme file。
如果嫌输出信息太多，看得眼花缭乱的，可以试试加上--pretty=oneline参数：

$ git log --pretty=oneline
3628164fb26d48395383f8f31179f24e0882e1e0 append GPL
ea34578d5496d7dd233c827ed32a8cd576c5ee85 add distributed
cb926e7ea50ad11b8f9e909c05226233bf755030 wrote a readme file

需要友情提示的是，你看到的一大串类似3628164...882e1e0的是commit id（版本号），和SVN不一样，Git的commit id不是1，2，3……递增的数字，而是一个SHA1计算出来的一个
非常大的数字，用十六进制表示，而且你看到的commit id和我的肯定不一样，以你自己的为准。为什么commit id需要用这么一大串数字表示呢？因为Git是分布式的版本控制系统，
后面我们还要研究多人在同一个版本库里工作，如果大家都用1，2，3……作为版本号，那肯定就冲突了。


好了，现在我们启动时光穿梭机，准备把readme.txt回退到上一个版本，也就是“add distributed”的那个版本，怎么做呢？

首先，Git必须知道当前版本是哪个版本，在Git中，用HEAD表示当前版本，也就是最新的提交3628164...882e1e0（注意我的提交ID和你的肯定不一样），上一个版本就是HEAD^，
上上一个版本就是HEAD^^，当然往上100个版本写100个^比较容易数不过来，所以写成HEAD~100。

现在，我们要把当前版本“append GPL”回退到上一个版本“add distributed”，就可以使用git reset命令：

$ git reset --hard HEAD^
HEAD is now at ea34578 add distributed
--hard参数有啥意义？这个后面再讲，现在你先放心使用。

看看readme.txt的内容是不是版本add distributed：

$ cat readme.txt
Git is a distributed version control system.
Git is free software.
果然。

还可以继续回退到上一个版本wrote a readme file，不过且慢，然我们用git log再看看现在版本库的状态：

$ git log
commit ea34578d5496d7dd233c827ed32a8cd576c5ee85
Author: Michael Liao <askxuefeng@gmail.com>
Date:   Tue Aug 20 14:53:12 2013 +0800

    add distributed

commit cb926e7ea50ad11b8f9e909c05226233bf755030
Author: Michael Liao <askxuefeng@gmail.com>
Date:   Mon Aug 19 17:51:55 2013 +0800

    wrote a readme file
最新的那个版本append GPL已经看不到了！好比你从21世纪坐时光穿梭机来到了19世纪，想再回去已经回不去了，肿么办？

办法其实还是有的，只要上面的命令行窗口还没有被关掉，你就可以顺着往上找啊找啊，找到那个append GPL的commit id是3628164...，于是就可以指定回到未来的某个版本：

$ git reset --hard 3628164
HEAD is now at 3628164 append GPL
版本号没必要写全，前几位就可以了，Git会自动去找。当然也不能只写前一两位，因为Git可能会找到多个版本号，就无法确定是哪一个了。

再小心翼翼地看看readme.txt的内容：

$ cat readme.txt
Git is a distributed version control system.
Git is free software distributed under the GPL.
果然，我胡汉三又回来了。

Git的版本回退速度非常快，因为Git在内部有个指向当前版本的HEAD指针，当你回退版本的时候，Git仅仅是把HEAD从指向append GPL：


现在，你回退到了某个版本，关掉了电脑，第二天早上就后悔了，想恢复到新版本怎么办？找不到新版本的commit id怎么办？

在Git中，总是有后悔药可以吃的。当你用$ git reset --hard HEAD^回退到add distributed版本时，再想恢复到append GPL，就必须找到append GPL的commit id。
Git提供了一个命令git reflog用来记录你的每一次命令：

$ git reflog
ea34578 HEAD@{0}: reset: moving to HEAD^
3628164 HEAD@{1}: commit: append GPL
ea34578 HEAD@{2}: commit: add distributed
cb926e7 HEAD@{3}: commit (initial): wrote a readme file
终于舒了口气，第二行显示append GPL的commit id是3628164，现在，你又可以乘坐时光机回到未来了。


小结

现在总结一下：

HEAD指向的版本就是当前版本，因此，Git允许我们在版本的历史之间穿梭，使用命令git reset --hard commit_id。

穿梭前，用git log可以查看提交历史，以便确定要回退到哪个版本。

要重返未来，用git reflog查看命令历史，以便确定要回到未来的哪个版本。


现在，你又理解了Git是如何跟踪修改的，每次修改，如果不add到暂存区，那就不会加入到commit中。


撤销修改
首先用git status查看状态

场景1：当你改乱了工作区某个文件的内容，想直接丢弃工作区的修改时，用命令git checkout -- file。
$ git checkout -- readme.txt

场景2：当你不但改乱了工作区某个文件的内容，还添加到了暂存区时，想丢弃修改，分两步，第一步用命令git reset HEAD file，就回到了场景1，第二步按场景1操作。
$ git reset HEAD readme.txt

场景3：已经提交了不合适的修改到版本库时，想要撤销本次提交，参考版本回退一节，不过前提是没有推送到远程库。


删除文件
在Git中，删除也是一个修改操作，我们实战一下，先添加一个新文件test.txt到Git并且提交：

$ git add test.txt
$ git commit -m "add test.txt"
[master 94cdc44] add test.txt
 1 file changed, 1 insertion(+)
 create mode 100644 test.txt
 
一般情况下，你通常直接在文件管理器中把没用的文件删了，或者用rm命令删了：

$ rm test.txt
这个时候，Git知道你删除了文件，因此，工作区和版本库就不一致了，git status命令会立刻告诉你哪些文件被删除了：

$ git status
# On branch master
# Changes not staged for commit:
#   (use "git add/rm <file>..." to update what will be committed)
#   (use "git checkout -- <file>..." to discard changes in working directory)
#
#       deleted:    test.txt
#
no changes added to commit (use "git add" and/or "git commit -a")
现在你有两个选择，一是确实要从版本库中删除该文件，那就用命令git rm删掉，并且git commit：

$ git rm test.txt
rm 'test.txt'
$ git commit -m "remove test.txt"
[master d17efd8] remove test.txt
 1 file changed, 1 deletion(-)
 delete mode 100644 test.txt
现在，文件就从版本库中被删除了。

另一种情况是删错了，因为版本库里还有呢，所以可以很轻松地把误删的文件恢复到最新版本：

$ git checkout -- test.txt
git checkout其实是用版本库里的版本替换工作区的版本，无论工作区是修改还是删除，都可以“一键还原”。

小结

命令git rm用于删除一个文件。如果一个文件已经被提交到版本库，那么你永远不用担心误删，但是要小心，你只能恢复文件到最新版本，你会丢失最近一次提交后你修改的内容。
(反正，我用这种方法是恢复不到)


远程仓库
在继续阅读后续内容前，请自行注册GitHub账号。由于你的本地Git仓库和GitHub仓库之间的传输是通过SSH加密的，所以，需要一点设置：

第1步：创建SSH Key。在用户主目录(C:\Users\Administrator\.ssh)下，看看有没有.ssh目录，如果有，再看看这个目录下有没有id_rsa和id_rsa.pub这两个文件，如果已经有了，可直接跳到下一步。
如果没有，打开Shell（Windows下打开Git Bash），创建SSH Key：
$ ssh-keygen -t rsa -C "youremail@example.com"

你需要把邮件地址换成你自己的邮件地址，然后一路回车，使用默认值即可，由于这个Key也不是用于军事目的，所以也无需设置密码。

如果一切顺利的话，可以在用户主目录里找到.ssh目录，里面有id_rsa和id_rsa.pub两个文件，这两个就是SSH Key的秘钥对，id_rsa是私钥，不能泄露出去，id_rsa.pub是公钥，可以放心地告诉任何人。

第2步：登陆GitHub，打开“Account settings”，“SSH Keys”页面：

然后，点“Add SSH Key”，填上任意Title，在Key文本框里粘贴id_rsa.pub文件的内容：

点“Add Key”，你就应该看到已经添加的Key：

为什么GitHub需要SSH Key呢？因为GitHub需要识别出你推送的提交确实是你推送的，而不是别人冒充的，而Git支持SSH协议，所以，GitHub只要知道了你的公钥，就可以确认只有你自己才能推送。

当然，GitHub允许你添加多个Key。假定你有若干电脑，你一会儿在公司提交，一会儿在家里提交，只要把每台电脑的Key都添加到GitHub，就可以在每台电脑上往GitHub推送了。

最后友情提示，在GitHub上免费托管的Git仓库，任何人都可以看到喔（但只有你自己才能改）。所以，不要把敏感信息放进去。

如果你不想让别人看到Git库，有两个办法，一个是交点保护费，让GitHub把公开的仓库变成私有的，这样别人就看不见了（不可读更不可写）。另一个办法是自己动手，搭一个Git服务器，
因为是你自己的Git服务器，所以别人也是看不见的。这个方法我们后面会讲到的，相当简单，公司内部开发必备。

确保你拥有一个GitHub账号后，我们就即将开始远程仓库的学习。

小结

“有了远程仓库，妈妈再也不用担心我的硬盘了。”——Git点读机


添加远程库
现在的情景是，你已经在本地创建了一个Git仓库后，又想在GitHub创建一个Git仓库，并且让这两个仓库进行远程同步，这样，GitHub上的仓库既可以作为备份，又可以让其他人通过该仓库来协作，真是一举多得。

首先，登陆GitHub，然后，在右上角找到“Create a new repo”按钮，创建一个新的仓库：

在Repository name填入learngit，其他保持默认设置，点击“Create repository”按钮，就成功地创建了一个新的Git仓库：

目前，在GitHub上的这个learngit仓库还是空的，GitHub告诉我们，可以从这个仓库克隆出新的仓库，也可以把一个已有的本地仓库与之关联，然后，把本地仓库的内容推送到GitHub仓库。

现在，我们根据GitHub的提示，在本地的learngit仓库下运行命令：

$ git remote add origin git@github.com:michaelliao/learngit.git

请千万注意，把上面的michaelliao替换成你自己的GitHub账户名，否则，你在本地关联的就是我的远程库，关联没有问题，但是你以后推送是推不上去的，因为你的SSH Key公钥不在我的账户列表中。

添加后，远程库的名字就是origin，这是Git默认的叫法，也可以改成别的，但是origin这个名字一看就知道是远程库。


下一步，就可以把本地库的所有内容推送到远程库上：

$ git push -u origin master
Counting objects: 19, done.
Delta compression using up to 4 threads.
Compressing objects: 100% (19/19), done.
Writing objects: 100% (19/19), 13.73 KiB, done.
Total 23 (delta 6), reused 0 (delta 0)
To git@github.com:michaelliao/learngit.git
 * [new branch]      master -> master
Branch master set up to track remote branch master from origin.

把本地库的内容推送到远程，用git push命令，实际上是把当前分支master推送到远程。由于远程库是空的，我们第一次推送master分支时，加上了-u参数，
Git不但会把本地的master分支内容推送的远程新的master分支，还会把本地的master分支和远程的master分支关联起来，在以后的推送或者拉取时就可以简化命令。

推送成功后，可以立刻在GitHub页面中看到远程库的内容已经和本地一模一样：

从现在起，只要本地作了提交，就可以通过命令：

$ git push origin master

把本地master分支的最新修改推送至GitHub，现在，你就拥有了真正的分布式版本库！


SSH警告

当你第一次使用Git的clone或者push命令连接GitHub时，会得到一个警告：

The authenticity of host 'github.com (xx.xx.xx.xx)' can't be established.
RSA key fingerprint is xx.xx.xx.xx.xx.
Are you sure you want to continue connecting (yes/no)?
这是因为Git使用SSH连接，而SSH连接在第一次验证GitHub服务器的Key时，需要你确认GitHub的Key的指纹信息是否真的来自GitHub的服务器，输入yes回车即可。

Git会输出一个警告，告诉你已经把GitHub的Key添加到本机的一个信任列表里了：

Warning: Permanently added 'github.com' (RSA) to the list of known hosts.
这个警告只会出现一次，后面的操作就不会有任何警告了。

如果你实在担心有人冒充GitHub服务器，输入yes前可以对照GitHub的RSA Key的指纹信息是否与SSH连接给出的一致。

小结

要关联一个远程库，使用命令git remote add origin git@server-name:path/repo-name.git；

关联后，使用命令git push -u origin master第一次推送master分支的所有内容；

此后，每次本地提交后，只要有必要，就可以使用命令git push origin master推送最新修改；



从远程库克隆
上次我们讲了先有本地库，后有远程库的时候，如何关联远程库。

现在，假设我们从零开发，那么最好的方式是先创建远程库，然后，从远程库克隆。

首先，登陆GitHub，创建一个新的仓库，名字叫gitskills：
我们勾选Initialize this repository with a README，这样GitHub会自动为我们创建一个README.md文件。创建完毕后，可以看到README.md文件：

现在，远程库已经准备好了，下一步是用命令git clone克隆一个本地库：

$ git clone git@github.com:michaelliao/gitskills.git
Cloning into 'gitskills'...
remote: Counting objects: 3, done.
remote: Total 3 (delta 0), reused 0 (delta 0)
Receiving objects: 100% (3/3), done.

$ cd gitskills
$ ls
README.md

注意把Git库的地址换成你自己的，然后进入gitskills目录看看，已经有README.md文件了。

你也许还注意到，GitHub给出的地址不止一个，还可以用https://github.com/michaelliao/gitskills.git这样的地址。
实际上，Git支持多种协议，默认的git://使用ssh，但也可以使用https等其他协议。

